// Jest Snapshot v1, https://goo.gl/fbAQLP

exports[`Pruebas den GifGriditem should show correctly the component  1`] = `
<div
  className="card animate__animated animate__fadeIn"
>
  <img
    alt="un titulo"
    src="https:localhost/algo.jpg"
  />
  <p>
    un titulo
  </p>
</div>
`;
